Archive member included because of file (symbol)

c:/program files (x86)/atmel/atmel toolchain/avr8 gcc/native/3.4.2.939/avr8-gnu-toolchain/bin/../lib/gcc/avr/4.7.2/avr4\libgcc.a(_udivmodhi4.o)
                              Analog.o (__udivmodhi4)
c:/program files (x86)/atmel/atmel toolchain/avr8 gcc/native/3.4.2.939/avr8-gnu-toolchain/bin/../lib/gcc/avr/4.7.2/avr4\libgcc.a(_divmodhi4.o)
                              CarController.o (__divmodhi4)
c:/program files (x86)/atmel/atmel toolchain/avr8 gcc/native/3.4.2.939/avr8-gnu-toolchain/bin/../lib/gcc/avr/4.7.2/avr4\libgcc.a(_udivmodsi4.o)
                              UART.o (__udivmodsi4)
c:/program files (x86)/atmel/atmel toolchain/avr8 gcc/native/3.4.2.939/avr8-gnu-toolchain/bin/../lib/gcc/avr/4.7.2/avr4\libgcc.a(_divmodsi4.o)
                              AnalogExp.o (__divmodsi4)
c:/program files (x86)/atmel/atmel toolchain/avr8 gcc/native/3.4.2.939/avr8-gnu-toolchain/bin/../lib/gcc/avr/4.7.2/avr4\libgcc.a(_exit.o)
                              c:/program files (x86)/atmel/atmel toolchain/avr8 gcc/native/3.4.2.939/avr8-gnu-toolchain/bin/../lib/gcc/avr/4.7.2/../../../../avr/lib/avr4/crtm8a.o (exit)
c:/program files (x86)/atmel/atmel toolchain/avr8 gcc/native/3.4.2.939/avr8-gnu-toolchain/bin/../lib/gcc/avr/4.7.2/avr4\libgcc.a(_copy_data.o)
                              CarController.o (__do_copy_data)
c:/program files (x86)/atmel/atmel toolchain/avr8 gcc/native/3.4.2.939/avr8-gnu-toolchain/bin/../lib/gcc/avr/4.7.2/avr4\libgcc.a(_clear_bss.o)
                              CarController.o (__do_clear_bss)
c:/program files (x86)/atmel/atmel toolchain/avr8 gcc/native/3.4.2.939/avr8-gnu-toolchain/bin/../lib/gcc/avr/4.7.2/avr4\libgcc.a(_ctors.o)
                              CarController.o (__do_global_ctors)
c:/program files (x86)/atmel/atmel toolchain/avr8 gcc/native/3.4.2.939/avr8-gnu-toolchain/bin/../lib/gcc/avr/4.7.2/avr4\libgcc.a(_dtors.o)
                              CarController.o (__do_global_dtors)
c:/program files (x86)/atmel/atmel toolchain/avr8 gcc/native/3.4.2.939/avr8-gnu-toolchain/bin/../lib/gcc/avr/4.7.2/avr4\libgcc.a(_umulhisi3.o)
                              AnalogExp.o (__umulhisi3)
c:/program files (x86)/atmel/atmel toolchain/avr8 gcc/native/3.4.2.939/avr8-gnu-toolchain/bin/../lib/gcc/avr/4.7.2/avr4\libgcc.a(_usmulhisi3.o)
                              AnalogExp.o (__usmulhisi3)
c:/program files (x86)/atmel/atmel toolchain/avr8 gcc/native/3.4.2.939/avr8-gnu-toolchain/bin/../lib/gcc/avr/4.7.2/avr4\libgcc.a(_muluhisi3.o)
                              AnalogExp.o (__muluhisi3)
c:/program files (x86)/atmel/atmel toolchain/avr8 gcc/native/3.4.2.939/avr8-gnu-toolchain/bin/../lib/gcc/avr/4.7.2/avr4\libgcc.a(_tablejump.o)
                              c:/program files (x86)/atmel/atmel toolchain/avr8 gcc/native/3.4.2.939/avr8-gnu-toolchain/bin/../lib/gcc/avr/4.7.2/avr4\libgcc.a(_ctors.o) (__tablejump__)

Discarded input sections

 .bss           0x00000000        0x0 c:/program files (x86)/atmel/atmel toolchain/avr8 gcc/native/3.4.2.939/avr8-gnu-toolchain/bin/../lib/gcc/avr/4.7.2/../../../../avr/lib/avr4/crtm8a.o
 .text          0x00000000        0x0 Analog.o
 .bss           0x00000000        0x0 Analog.o
 .text._ZN6Analog8setRangeEhh
                0x00000000        0x8 Analog.o
 .text          0x00000000        0x0 AnalogExp.o
 .bss           0x00000000        0x0 AnalogExp.o
 .text          0x00000000        0x0 BOOL.o
 .bss           0x00000000        0x0 BOOL.o
 .text._ZN4BOOLC2EPh
                0x00000000        0x8 BOOL.o
 .text._ZN4BOOLD2Ev
                0x00000000        0x2 BOOL.o
 .text._ZN4BOOL3setEv
                0x00000000        0x2 BOOL.o
 .text._ZN4BOOL5clearEv
                0x00000000        0x2 BOOL.o
 .text          0x00000000        0x0 CarController.o
 .bss           0x00000000        0x0 CarController.o
 .text._Z5test1hh
                0x00000000       0x14 CarController.o
 .bss.KeyIgnition2RPT
                0x00000000        0x2 CarController.o
 .bss.KeyIgnition1RPT
                0x00000000        0x2 CarController.o
 .bss.keyIgnitionP2_old
                0x00000000        0x1 CarController.o
 .bss.keyIgnitionP1_old
                0x00000000        0x1 CarController.o
 .text          0x00000000        0x0 Debug.o
 .bss           0x00000000        0x0 Debug.o
 .text._Z11SerialDebugv
                0x00000000        0x2 Debug.o
 .text          0x00000000        0x0 Digital.o
 .bss           0x00000000        0x0 Digital.o
 .text          0x00000000        0x0 EngineControlUnit.o
 .bss           0x00000000        0x0 EngineControlUnit.o
 .text          0x00000000        0x0 KeyInput.o
 .bss           0x00000000        0x0 KeyInput.o
 .text          0x00000000        0x0 PWM.o
 .bss           0x00000000        0x0 PWM.o
 .text._ZN3PWM6getPWMEv
                0x00000000        0x6 PWM.o
 .text._ZN3PWM6decPWMEv
                0x00000000        0xe PWM.o
 .text          0x00000000        0x0 Timer.o
 .bss           0x00000000        0x0 Timer.o
 .text._ZN5TimerC2Ev
                0x00000000        0x2 Timer.o
 .text._ZN5Timer7setFuncEPFvvE
                0x00000000        0x8 Timer.o
 .text._ZN5Timer7disableEv
                0x00000000        0xc Timer.o
 .text          0x00000000        0x0 UART.o
 .bss           0x00000000        0x0 UART.o
 .text._Z13UART_waitDatav
                0x00000000        0x6 UART.o
 .text          0x00000000        0x0 c:/program files (x86)/atmel/atmel toolchain/avr8 gcc/native/3.4.2.939/avr8-gnu-toolchain/bin/../lib/gcc/avr/4.7.2/avr4\libgcc.a(_udivmodhi4.o)
 .bss           0x00000000        0x0 c:/program files (x86)/atmel/atmel toolchain/avr8 gcc/native/3.4.2.939/avr8-gnu-toolchain/bin/../lib/gcc/avr/4.7.2/avr4\libgcc.a(_udivmodhi4.o)
 .text.libgcc.mul
                0x00000000        0x0 c:/program files (x86)/atmel/atmel toolchain/avr8 gcc/native/3.4.2.939/avr8-gnu-toolchain/bin/../lib/gcc/avr/4.7.2/avr4\libgcc.a(_udivmodhi4.o)
 .text.libgcc   0x00000000        0x0 c:/program files (x86)/atmel/atmel toolchain/avr8 gcc/native/3.4.2.939/avr8-gnu-toolchain/bin/../lib/gcc/avr/4.7.2/avr4\libgcc.a(_udivmodhi4.o)
 .text.libgcc.prologue
                0x00000000        0x0 c:/program files (x86)/atmel/atmel toolchain/avr8 gcc/native/3.4.2.939/avr8-gnu-toolchain/bin/../lib/gcc/avr/4.7.2/avr4\libgcc.a(_udivmodhi4.o)
 .text.libgcc.builtins
                0x00000000        0x0 c:/program files (x86)/atmel/atmel toolchain/avr8 gcc/native/3.4.2.939/avr8-gnu-toolchain/bin/../lib/gcc/avr/4.7.2/avr4\libgcc.a(_udivmodhi4.o)
 .text.libgcc.fmul
                0x00000000        0x0 c:/program files (x86)/atmel/atmel toolchain/avr8 gcc/native/3.4.2.939/avr8-gnu-toolchain/bin/../lib/gcc/avr/4.7.2/avr4\libgcc.a(_udivmodhi4.o)
 .text          0x00000000        0x0 c:/program files (x86)/atmel/atmel toolchain/avr8 gcc/native/3.4.2.939/avr8-gnu-toolchain/bin/../lib/gcc/avr/4.7.2/avr4\libgcc.a(_divmodhi4.o)
 .bss           0x00000000        0x0 c:/program files (x86)/atmel/atmel toolchain/avr8 gcc/native/3.4.2.939/avr8-gnu-toolchain/bin/../lib/gcc/avr/4.7.2/avr4\libgcc.a(_divmodhi4.o)
 .text.libgcc.mul
                0x00000000        0x0 c:/program files (x86)/atmel/atmel toolchain/avr8 gcc/native/3.4.2.939/avr8-gnu-toolchain/bin/../lib/gcc/avr/4.7.2/avr4\libgcc.a(_divmodhi4.o)
 .text.libgcc   0x00000000        0x0 c:/program files (x86)/atmel/atmel toolchain/avr8 gcc/native/3.4.2.939/avr8-gnu-toolchain/bin/../lib/gcc/avr/4.7.2/avr4\libgcc.a(_divmodhi4.o)
 .text.libgcc.prologue
                0x00000000        0x0 c:/program files (x86)/atmel/atmel toolchain/avr8 gcc/native/3.4.2.939/avr8-gnu-toolchain/bin/../lib/gcc/avr/4.7.2/avr4\libgcc.a(_divmodhi4.o)
 .text.libgcc.builtins
                0x00000000        0x0 c:/program files (x86)/atmel/atmel toolchain/avr8 gcc/native/3.4.2.939/avr8-gnu-toolchain/bin/../lib/gcc/avr/4.7.2/avr4\libgcc.a(_divmodhi4.o)
 .text.libgcc.fmul
                0x00000000        0x0 c:/program files (x86)/atmel/atmel toolchain/avr8 gcc/native/3.4.2.939/avr8-gnu-toolchain/bin/../lib/gcc/avr/4.7.2/avr4\libgcc.a(_divmodhi4.o)
 .text          0x00000000        0x0 c:/program files (x86)/atmel/atmel toolchain/avr8 gcc/native/3.4.2.939/avr8-gnu-toolchain/bin/../lib/gcc/avr/4.7.2/avr4\libgcc.a(_udivmodsi4.o)
 .bss           0x00000000        0x0 c:/program files (x86)/atmel/atmel toolchain/avr8 gcc/native/3.4.2.939/avr8-gnu-toolchain/bin/../lib/gcc/avr/4.7.2/avr4\libgcc.a(_udivmodsi4.o)
 .text.libgcc.mul
                0x00000000        0x0 c:/program files (x86)/atmel/atmel toolchain/avr8 gcc/native/3.4.2.939/avr8-gnu-toolchain/bin/../lib/gcc/avr/4.7.2/avr4\libgcc.a(_udivmodsi4.o)
 .text.libgcc   0x00000000        0x0 c:/program files (x86)/atmel/atmel toolchain/avr8 gcc/native/3.4.2.939/avr8-gnu-toolchain/bin/../lib/gcc/avr/4.7.2/avr4\libgcc.a(_udivmodsi4.o)
 .text.libgcc.prologue
                0x00000000        0x0 c:/program files (x86)/atmel/atmel toolchain/avr8 gcc/native/3.4.2.939/avr8-gnu-toolchain/bin/../lib/gcc/avr/4.7.2/avr4\libgcc.a(_udivmodsi4.o)
 .text.libgcc.builtins
                0x00000000        0x0 c:/program files (x86)/atmel/atmel toolchain/avr8 gcc/native/3.4.2.939/avr8-gnu-toolchain/bin/../lib/gcc/avr/4.7.2/avr4\libgcc.a(_udivmodsi4.o)
 .text.libgcc.fmul
                0x00000000        0x0 c:/program files (x86)/atmel/atmel toolchain/avr8 gcc/native/3.4.2.939/avr8-gnu-toolchain/bin/../lib/gcc/avr/4.7.2/avr4\libgcc.a(_udivmodsi4.o)
 .text          0x00000000        0x0 c:/program files (x86)/atmel/atmel toolchain/avr8 gcc/native/3.4.2.939/avr8-gnu-toolchain/bin/../lib/gcc/avr/4.7.2/avr4\libgcc.a(_divmodsi4.o)
 .bss           0x00000000        0x0 c:/program files (x86)/atmel/atmel toolchain/avr8 gcc/native/3.4.2.939/avr8-gnu-toolchain/bin/../lib/gcc/avr/4.7.2/avr4\libgcc.a(_divmodsi4.o)
 .text.libgcc.mul
                0x00000000        0x0 c:/program files (x86)/atmel/atmel toolchain/avr8 gcc/native/3.4.2.939/avr8-gnu-toolchain/bin/../lib/gcc/avr/4.7.2/avr4\libgcc.a(_divmodsi4.o)
 .text.libgcc   0x00000000        0x0 c:/program files (x86)/atmel/atmel toolchain/avr8 gcc/native/3.4.2.939/avr8-gnu-toolchain/bin/../lib/gcc/avr/4.7.2/avr4\libgcc.a(_divmodsi4.o)
 .text.libgcc.prologue
                0x00000000        0x0 c:/program files (x86)/atmel/atmel toolchain/avr8 gcc/native/3.4.2.939/avr8-gnu-toolchain/bin/../lib/gcc/avr/4.7.2/avr4\libgcc.a(_divmodsi4.o)
 .text.libgcc.builtins
                0x00000000        0x0 c:/program files (x86)/atmel/atmel toolchain/avr8 gcc/native/3.4.2.939/avr8-gnu-toolchain/bin/../lib/gcc/avr/4.7.2/avr4\libgcc.a(_divmodsi4.o)
 .text.libgcc.fmul
                0x00000000        0x0 c:/program files (x86)/atmel/atmel toolchain/avr8 gcc/native/3.4.2.939/avr8-gnu-toolchain/bin/../lib/gcc/avr/4.7.2/avr4\libgcc.a(_divmodsi4.o)
 .text          0x00000000        0x0 c:/program files (x86)/atmel/atmel toolchain/avr8 gcc/native/3.4.2.939/avr8-gnu-toolchain/bin/../lib/gcc/avr/4.7.2/avr4\libgcc.a(_exit.o)
 .bss           0x00000000        0x0 c:/program files (x86)/atmel/atmel toolchain/avr8 gcc/native/3.4.2.939/avr8-gnu-toolchain/bin/../lib/gcc/avr/4.7.2/avr4\libgcc.a(_exit.o)
 .text.libgcc.mul
                0x00000000        0x0 c:/program files (x86)/atmel/atmel toolchain/avr8 gcc/native/3.4.2.939/avr8-gnu-toolchain/bin/../lib/gcc/avr/4.7.2/avr4\libgcc.a(_exit.o)
 .text.libgcc.div
                0x00000000        0x0 c:/program files (x86)/atmel/atmel toolchain/avr8 gcc/native/3.4.2.939/avr8-gnu-toolchain/bin/../lib/gcc/avr/4.7.2/avr4\libgcc.a(_exit.o)
 .text.libgcc   0x00000000        0x0 c:/program files (x86)/atmel/atmel toolchain/avr8 gcc/native/3.4.2.939/avr8-gnu-toolchain/bin/../lib/gcc/avr/4.7.2/avr4\libgcc.a(_exit.o)
 .text.libgcc.prologue
                0x00000000        0x0 c:/program files (x86)/atmel/atmel toolchain/avr8 gcc/native/3.4.2.939/avr8-gnu-toolchain/bin/../lib/gcc/avr/4.7.2/avr4\libgcc.a(_exit.o)
 .text.libgcc.builtins
                0x00000000        0x0 c:/program files (x86)/atmel/atmel toolchain/avr8 gcc/native/3.4.2.939/avr8-gnu-toolchain/bin/../lib/gcc/avr/4.7.2/avr4\libgcc.a(_exit.o)
 .text.libgcc.fmul
                0x00000000        0x0 c:/program files (x86)/atmel/atmel toolchain/avr8 gcc/native/3.4.2.939/avr8-gnu-toolchain/bin/../lib/gcc/avr/4.7.2/avr4\libgcc.a(_exit.o)
 .text          0x00000000        0x0 c:/program files (x86)/atmel/atmel toolchain/avr8 gcc/native/3.4.2.939/avr8-gnu-toolchain/bin/../lib/gcc/avr/4.7.2/avr4\libgcc.a(_copy_data.o)
 .bss           0x00000000        0x0 c:/program files (x86)/atmel/atmel toolchain/avr8 gcc/native/3.4.2.939/avr8-gnu-toolchain/bin/../lib/gcc/avr/4.7.2/avr4\libgcc.a(_copy_data.o)
 .text.libgcc.mul
                0x00000000        0x0 c:/program files (x86)/atmel/atmel toolchain/avr8 gcc/native/3.4.2.939/avr8-gnu-toolchain/bin/../lib/gcc/avr/4.7.2/avr4\libgcc.a(_copy_data.o)
 .text.libgcc.div
                0x00000000        0x0 c:/program files (x86)/atmel/atmel toolchain/avr8 gcc/native/3.4.2.939/avr8-gnu-toolchain/bin/../lib/gcc/avr/4.7.2/avr4\libgcc.a(_copy_data.o)
 .text.libgcc   0x00000000        0x0 c:/program files (x86)/atmel/atmel toolchain/avr8 gcc/native/3.4.2.939/avr8-gnu-toolchain/bin/../lib/gcc/avr/4.7.2/avr4\libgcc.a(_copy_data.o)
 .text.libgcc.prologue
                0x00000000        0x0 c:/program files (x86)/atmel/atmel toolchain/avr8 gcc/native/3.4.2.939/avr8-gnu-toolchain/bin/../lib/gcc/avr/4.7.2/avr4\libgcc.a(_copy_data.o)
 .text.libgcc.builtins
                0x00000000        0x0 c:/program files (x86)/atmel/atmel toolchain/avr8 gcc/native/3.4.2.939/avr8-gnu-toolchain/bin/../lib/gcc/avr/4.7.2/avr4\libgcc.a(_copy_data.o)
 .text.libgcc.fmul
                0x00000000        0x0 c:/program files (x86)/atmel/atmel toolchain/avr8 gcc/native/3.4.2.939/avr8-gnu-toolchain/bin/../lib/gcc/avr/4.7.2/avr4\libgcc.a(_copy_data.o)
 .text          0x00000000        0x0 c:/program files (x86)/atmel/atmel toolchain/avr8 gcc/native/3.4.2.939/avr8-gnu-toolchain/bin/../lib/gcc/avr/4.7.2/avr4\libgcc.a(_clear_bss.o)
 .bss           0x00000000        0x0 c:/program files (x86)/atmel/atmel toolchain/avr8 gcc/native/3.4.2.939/avr8-gnu-toolchain/bin/../lib/gcc/avr/4.7.2/avr4\libgcc.a(_clear_bss.o)
 .text.libgcc.mul
                0x00000000        0x0 c:/program files (x86)/atmel/atmel toolchain/avr8 gcc/native/3.4.2.939/avr8-gnu-toolchain/bin/../lib/gcc/avr/4.7.2/avr4\libgcc.a(_clear_bss.o)
 .text.libgcc.div
                0x00000000        0x0 c:/program files (x86)/atmel/atmel toolchain/avr8 gcc/native/3.4.2.939/avr8-gnu-toolchain/bin/../lib/gcc/avr/4.7.2/avr4\libgcc.a(_clear_bss.o)
 .text.libgcc   0x00000000        0x0 c:/program files (x86)/atmel/atmel toolchain/avr8 gcc/native/3.4.2.939/avr8-gnu-toolchain/bin/../lib/gcc/avr/4.7.2/avr4\libgcc.a(_clear_bss.o)
 .text.libgcc.prologue
                0x00000000        0x0 c:/program files (x86)/atmel/atmel toolchain/avr8 gcc/native/3.4.2.939/avr8-gnu-toolchain/bin/../lib/gcc/avr/4.7.2/avr4\libgcc.a(_clear_bss.o)
 .text.libgcc.builtins
                0x00000000        0x0 c:/program files (x86)/atmel/atmel toolchain/avr8 gcc/native/3.4.2.939/avr8-gnu-toolchain/bin/../lib/gcc/avr/4.7.2/avr4\libgcc.a(_clear_bss.o)
 .text.libgcc.fmul
                0x00000000        0x0 c:/program files (x86)/atmel/atmel toolchain/avr8 gcc/native/3.4.2.939/avr8-gnu-toolchain/bin/../lib/gcc/avr/4.7.2/avr4\libgcc.a(_clear_bss.o)
 .text          0x00000000        0x0 c:/program files (x86)/atmel/atmel toolchain/avr8 gcc/native/3.4.2.939/avr8-gnu-toolchain/bin/../lib/gcc/avr/4.7.2/avr4\libgcc.a(_ctors.o)
 .bss           0x00000000        0x0 c:/program files (x86)/atmel/atmel toolchain/avr8 gcc/native/3.4.2.939/avr8-gnu-toolchain/bin/../lib/gcc/avr/4.7.2/avr4\libgcc.a(_ctors.o)
 .text.libgcc.mul
                0x00000000        0x0 c:/program files (x86)/atmel/atmel toolchain/avr8 gcc/native/3.4.2.939/avr8-gnu-toolchain/bin/../lib/gcc/avr/4.7.2/avr4\libgcc.a(_ctors.o)
 .text.libgcc.div
                0x00000000        0x0 c:/program files (x86)/atmel/atmel toolchain/avr8 gcc/native/3.4.2.939/avr8-gnu-toolchain/bin/../lib/gcc/avr/4.7.2/avr4\libgcc.a(_ctors.o)
 .text.libgcc   0x00000000        0x0 c:/program files (x86)/atmel/atmel toolchain/avr8 gcc/native/3.4.2.939/avr8-gnu-toolchain/bin/../lib/gcc/avr/4.7.2/avr4\libgcc.a(_ctors.o)
 .text.libgcc.prologue
                0x00000000        0x0 c:/program files (x86)/atmel/atmel toolchain/avr8 gcc/native/3.4.2.939/avr8-gnu-toolchain/bin/../lib/gcc/avr/4.7.2/avr4\libgcc.a(_ctors.o)
 .text.libgcc.builtins
                0x00000000        0x0 c:/program files (x86)/atmel/atmel toolchain/avr8 gcc/native/3.4.2.939/avr8-gnu-toolchain/bin/../lib/gcc/avr/4.7.2/avr4\libgcc.a(_ctors.o)
 .text.libgcc.fmul
                0x00000000        0x0 c:/program files (x86)/atmel/atmel toolchain/avr8 gcc/native/3.4.2.939/avr8-gnu-toolchain/bin/../lib/gcc/avr/4.7.2/avr4\libgcc.a(_ctors.o)
 .text          0x00000000        0x0 c:/program files (x86)/atmel/atmel toolchain/avr8 gcc/native/3.4.2.939/avr8-gnu-toolchain/bin/../lib/gcc/avr/4.7.2/avr4\libgcc.a(_dtors.o)
 .bss           0x00000000        0x0 c:/program files (x86)/atmel/atmel toolchain/avr8 gcc/native/3.4.2.939/avr8-gnu-toolchain/bin/../lib/gcc/avr/4.7.2/avr4\libgcc.a(_dtors.o)
 .text.libgcc.mul
                0x00000000        0x0 c:/program files (x86)/atmel/atmel toolchain/avr8 gcc/native/3.4.2.939/avr8-gnu-toolchain/bin/../lib/gcc/avr/4.7.2/avr4\libgcc.a(_dtors.o)
 .text.libgcc.div
                0x00000000        0x0 c:/program files (x86)/atmel/atmel toolchain/avr8 gcc/native/3.4.2.939/avr8-gnu-toolchain/bin/../lib/gcc/avr/4.7.2/avr4\libgcc.a(_dtors.o)
 .text.libgcc   0x00000000        0x0 c:/program files (x86)/atmel/atmel toolchain/avr8 gcc/native/3.4.2.939/avr8-gnu-toolchain/bin/../lib/gcc/avr/4.7.2/avr4\libgcc.a(_dtors.o)
 .text.libgcc.prologue
                0x00000000        0x0 c:/program files (x86)/atmel/atmel toolchain/avr8 gcc/native/3.4.2.939/avr8-gnu-toolchain/bin/../lib/gcc/avr/4.7.2/avr4\libgcc.a(_dtors.o)
 .text.libgcc.builtins
                0x00000000        0x0 c:/program files (x86)/atmel/atmel toolchain/avr8 gcc/native/3.4.2.939/avr8-gnu-toolchain/bin/../lib/gcc/avr/4.7.2/avr4\libgcc.a(_dtors.o)
 .text.libgcc.fmul
                0x00000000        0x0 c:/program files (x86)/atmel/atmel toolchain/avr8 gcc/native/3.4.2.939/avr8-gnu-toolchain/bin/../lib/gcc/avr/4.7.2/avr4\libgcc.a(_dtors.o)
 .text          0x00000000        0x0 c:/program files (x86)/atmel/atmel toolchain/avr8 gcc/native/3.4.2.939/avr8-gnu-toolchain/bin/../lib/gcc/avr/4.7.2/avr4\libgcc.a(_umulhisi3.o)
 .bss           0x00000000        0x0 c:/program files (x86)/atmel/atmel toolchain/avr8 gcc/native/3.4.2.939/avr8-gnu-toolchain/bin/../lib/gcc/avr/4.7.2/avr4\libgcc.a(_umulhisi3.o)
 .text.libgcc.div
                0x00000000        0x0 c:/program files (x86)/atmel/atmel toolchain/avr8 gcc/native/3.4.2.939/avr8-gnu-toolchain/bin/../lib/gcc/avr/4.7.2/avr4\libgcc.a(_umulhisi3.o)
 .text.libgcc   0x00000000        0x0 c:/program files (x86)/atmel/atmel toolchain/avr8 gcc/native/3.4.2.939/avr8-gnu-toolchain/bin/../lib/gcc/avr/4.7.2/avr4\libgcc.a(_umulhisi3.o)
 .text.libgcc.prologue
                0x00000000        0x0 c:/program files (x86)/atmel/atmel toolchain/avr8 gcc/native/3.4.2.939/avr8-gnu-toolchain/bin/../lib/gcc/avr/4.7.2/avr4\libgcc.a(_umulhisi3.o)
 .text.libgcc.builtins
                0x00000000        0x0 c:/program files (x86)/atmel/atmel toolchain/avr8 gcc/native/3.4.2.939/avr8-gnu-toolchain/bin/../lib/gcc/avr/4.7.2/avr4\libgcc.a(_umulhisi3.o)
 .text.libgcc.fmul
                0x00000000        0x0 c:/program files (x86)/atmel/atmel toolchain/avr8 gcc/native/3.4.2.939/avr8-gnu-toolchain/bin/../lib/gcc/avr/4.7.2/avr4\libgcc.a(_umulhisi3.o)
 .text          0x00000000        0x0 c:/program files (x86)/atmel/atmel toolchain/avr8 gcc/native/3.4.2.939/avr8-gnu-toolchain/bin/../lib/gcc/avr/4.7.2/avr4\libgcc.a(_usmulhisi3.o)
 .bss           0x00000000        0x0 c:/program files (x86)/atmel/atmel toolchain/avr8 gcc/native/3.4.2.939/avr8-gnu-toolchain/bin/../lib/gcc/avr/4.7.2/avr4\libgcc.a(_usmulhisi3.o)
 .text.libgcc.div
                0x00000000        0x0 c:/program files (x86)/atmel/atmel toolchain/avr8 gcc/native/3.4.2.939/avr8-gnu-toolchain/bin/../lib/gcc/avr/4.7.2/avr4\libgcc.a(_usmulhisi3.o)
 .text.libgcc   0x00000000        0x0 c:/program files (x86)/atmel/atmel toolchain/avr8 gcc/native/3.4.2.939/avr8-gnu-toolchain/bin/../lib/gcc/avr/4.7.2/avr4\libgcc.a(_usmulhisi3.o)
 .text.libgcc.prologue
                0x00000000        0x0 c:/program files (x86)/atmel/atmel toolchain/avr8 gcc/native/3.4.2.939/avr8-gnu-toolchain/bin/../lib/gcc/avr/4.7.2/avr4\libgcc.a(_usmulhisi3.o)
 .text.libgcc.builtins
                0x00000000        0x0 c:/program files (x86)/atmel/atmel toolchain/avr8 gcc/native/3.4.2.939/avr8-gnu-toolchain/bin/../lib/gcc/avr/4.7.2/avr4\libgcc.a(_usmulhisi3.o)
 .text.libgcc.fmul
                0x00000000        0x0 c:/program files (x86)/atmel/atmel toolchain/avr8 gcc/native/3.4.2.939/avr8-gnu-toolchain/bin/../lib/gcc/avr/4.7.2/avr4\libgcc.a(_usmulhisi3.o)
 .text          0x00000000        0x0 c:/program files (x86)/atmel/atmel toolchain/avr8 gcc/native/3.4.2.939/avr8-gnu-toolchain/bin/../lib/gcc/avr/4.7.2/avr4\libgcc.a(_muluhisi3.o)
 .bss           0x00000000        0x0 c:/program files (x86)/atmel/atmel toolchain/avr8 gcc/native/3.4.2.939/avr8-gnu-toolchain/bin/../lib/gcc/avr/4.7.2/avr4\libgcc.a(_muluhisi3.o)
 .text.libgcc.div
                0x00000000        0x0 c:/program files (x86)/atmel/atmel toolchain/avr8 gcc/native/3.4.2.939/avr8-gnu-toolchain/bin/../lib/gcc/avr/4.7.2/avr4\libgcc.a(_muluhisi3.o)
 .text.libgcc   0x00000000        0x0 c:/program files (x86)/atmel/atmel toolchain/avr8 gcc/native/3.4.2.939/avr8-gnu-toolchain/bin/../lib/gcc/avr/4.7.2/avr4\libgcc.a(_muluhisi3.o)
 .text.libgcc.prologue
                0x00000000        0x0 c:/program files (x86)/atmel/atmel toolchain/avr8 gcc/native/3.4.2.939/avr8-gnu-toolchain/bin/../lib/gcc/avr/4.7.2/avr4\libgcc.a(_muluhisi3.o)
 .text.libgcc.builtins
                0x00000000        0x0 c:/program files (x86)/atmel/atmel toolchain/avr8 gcc/native/3.4.2.939/avr8-gnu-toolchain/bin/../lib/gcc/avr/4.7.2/avr4\libgcc.a(_muluhisi3.o)
 .text.libgcc.fmul
                0x00000000        0x0 c:/program files (x86)/atmel/atmel toolchain/avr8 gcc/native/3.4.2.939/avr8-gnu-toolchain/bin/../lib/gcc/avr/4.7.2/avr4\libgcc.a(_muluhisi3.o)
 .text          0x00000000        0x0 c:/program files (x86)/atmel/atmel toolchain/avr8 gcc/native/3.4.2.939/avr8-gnu-toolchain/bin/../lib/gcc/avr/4.7.2/avr4\libgcc.a(_tablejump.o)
 .bss           0x00000000        0x0 c:/program files (x86)/atmel/atmel toolchain/avr8 gcc/native/3.4.2.939/avr8-gnu-toolchain/bin/../lib/gcc/avr/4.7.2/avr4\libgcc.a(_tablejump.o)
 .text.libgcc.mul
                0x00000000        0x0 c:/program files (x86)/atmel/atmel toolchain/avr8 gcc/native/3.4.2.939/avr8-gnu-toolchain/bin/../lib/gcc/avr/4.7.2/avr4\libgcc.a(_tablejump.o)
 .text.libgcc.div
                0x00000000        0x0 c:/program files (x86)/atmel/atmel toolchain/avr8 gcc/native/3.4.2.939/avr8-gnu-toolchain/bin/../lib/gcc/avr/4.7.2/avr4\libgcc.a(_tablejump.o)
 .text.libgcc.prologue
                0x00000000        0x0 c:/program files (x86)/atmel/atmel toolchain/avr8 gcc/native/3.4.2.939/avr8-gnu-toolchain/bin/../lib/gcc/avr/4.7.2/avr4\libgcc.a(_tablejump.o)
 .text.libgcc.builtins
                0x00000000        0x0 c:/program files (x86)/atmel/atmel toolchain/avr8 gcc/native/3.4.2.939/avr8-gnu-toolchain/bin/../lib/gcc/avr/4.7.2/avr4\libgcc.a(_tablejump.o)
 .text.libgcc.fmul
                0x00000000        0x0 c:/program files (x86)/atmel/atmel toolchain/avr8 gcc/native/3.4.2.939/avr8-gnu-toolchain/bin/../lib/gcc/avr/4.7.2/avr4\libgcc.a(_tablejump.o)

Memory Configuration

Name             Origin             Length             Attributes
text             0x00000000         0x00002000         xr
data             0x00800060         0x0000ffa0         rw !x
eeprom           0x00810000         0x00010000         rw !x
fuse             0x00820000         0x00000400         rw !x
lock             0x00830000         0x00000400         rw !x
signature        0x00840000         0x00000400         rw !x
user_signatures  0x00850000         0x00000400         rw !x
*default*        0x00000000         0xffffffff

Linker script and memory map

LOAD c:/program files (x86)/atmel/atmel toolchain/avr8 gcc/native/3.4.2.939/avr8-gnu-toolchain/bin/../lib/gcc/avr/4.7.2/../../../../avr/lib/avr4/crtm8a.o
LOAD Analog.o
LOAD AnalogExp.o
LOAD BOOL.o
LOAD CarController.o
LOAD Debug.o
LOAD Digital.o
LOAD EngineControlUnit.o
LOAD KeyInput.o
LOAD PWM.o
LOAD Timer.o
LOAD UART.o
START GROUP
LOAD c:/program files (x86)/atmel/atmel toolchain/avr8 gcc/native/3.4.2.939/avr8-gnu-toolchain/bin/../lib/gcc/avr/4.7.2/../../../../avr/lib/avr4\libm.a
END GROUP
LOAD c:/program files (x86)/atmel/atmel toolchain/avr8 gcc/native/3.4.2.939/avr8-gnu-toolchain/bin/../lib/gcc/avr/4.7.2/avr4\libgcc.a
LOAD c:/program files (x86)/atmel/atmel toolchain/avr8 gcc/native/3.4.2.939/avr8-gnu-toolchain/bin/../lib/gcc/avr/4.7.2/../../../../avr/lib/avr4\libm.a
LOAD c:/program files (x86)/atmel/atmel toolchain/avr8 gcc/native/3.4.2.939/avr8-gnu-toolchain/bin/../lib/gcc/avr/4.7.2/avr4\libgcc.a
LOAD c:/program files (x86)/atmel/atmel toolchain/avr8 gcc/native/3.4.2.939/avr8-gnu-toolchain/bin/../lib/gcc/avr/4.7.2/../../../../avr/lib/avr4\libc.a
LOAD c:/program files (x86)/atmel/atmel toolchain/avr8 gcc/native/3.4.2.939/avr8-gnu-toolchain/bin/../lib/gcc/avr/4.7.2/avr4\libgcc.a

.hash
 *(.hash)

.dynsym
 *(.dynsym)

.dynstr
 *(.dynstr)

.gnu.version
 *(.gnu.version)

.gnu.version_d
 *(.gnu.version_d)

.gnu.version_r
 *(.gnu.version_r)

.rel.init
 *(.rel.init)

.rela.init
 *(.rela.init)

.rel.text
 *(.rel.text)
 *(.rel.text.*)
 *(.rel.gnu.linkonce.t*)

.rela.text
 *(.rela.text)
 *(.rela.text.*)
 *(.rela.gnu.linkonce.t*)

.rel.fini
 *(.rel.fini)

.rela.fini
 *(.rela.fini)

.rel.rodata
 *(.rel.rodata)
 *(.rel.rodata.*)
 *(.rel.gnu.linkonce.r*)

.rela.rodata
 *(.rela.rodata)
 *(.rela.rodata.*)
 *(.rela.gnu.linkonce.r*)

.rel.data
 *(.rel.data)
 *(.rel.data.*)
 *(.rel.gnu.linkonce.d*)

.rela.data
 *(.rela.data)
 *(.rela.data.*)
 *(.rela.gnu.linkonce.d*)

.rel.ctors
 *(.rel.ctors)

.rela.ctors
 *(.rela.ctors)

.rel.dtors
 *(.rel.dtors)

.rela.dtors
 *(.rela.dtors)

.rel.got
 *(.rel.got)

.rela.got
 *(.rela.got)

.rel.bss
 *(.rel.bss)

.rela.bss
 *(.rela.bss)

.rel.plt
 *(.rel.plt)

.rela.plt
 *(.rela.plt)

.text           0x00000000     0x1304
 *(.vectors)
 .vectors       0x00000000       0x26 c:/program files (x86)/atmel/atmel toolchain/avr8 gcc/native/3.4.2.939/avr8-gnu-toolchain/bin/../lib/gcc/avr/4.7.2/../../../../avr/lib/avr4/crtm8a.o
                0x00000000                __vector_default
                0x00000000                __vectors
 *(.vectors)
 *(.progmem.gcc*)
 *(.progmem*)
                0x00000026                . = ALIGN (0x2)
                0x00000026                __trampolines_start = .
 *(.trampolines)
 .trampolines   0x00000026        0x0 linker stubs
 *(.trampolines*)
                0x00000026                __trampolines_end = .
 *(.jumptables)
 *(.jumptables*)
 *(.lowtext)
 *(.lowtext*)
                0x00000026                __ctors_start = .
 *(.ctors)
 .ctors         0x00000026        0x2 CarController.o
                0x00000028                __ctors_end = .
                0x00000028                __dtors_start = .
 *(.dtors)
 .dtors         0x00000028        0x2 CarController.o
                0x0000002a                __dtors_end = .
 SORT(*)(.ctors)
 SORT(*)(.dtors)
 *(.init0)
 .init0         0x0000002a        0x0 c:/program files (x86)/atmel/atmel toolchain/avr8 gcc/native/3.4.2.939/avr8-gnu-toolchain/bin/../lib/gcc/avr/4.7.2/../../../../avr/lib/avr4/crtm8a.o
                0x0000002a                __init
 *(.init0)
 *(.init1)
 *(.init1)
 *(.init2)
 .init2         0x0000002a        0xc c:/program files (x86)/atmel/atmel toolchain/avr8 gcc/native/3.4.2.939/avr8-gnu-toolchain/bin/../lib/gcc/avr/4.7.2/../../../../avr/lib/avr4/crtm8a.o
 *(.init2)
 *(.init3)
 *(.init3)
 *(.init4)
 .init4         0x00000036       0x16 c:/program files (x86)/atmel/atmel toolchain/avr8 gcc/native/3.4.2.939/avr8-gnu-toolchain/bin/../lib/gcc/avr/4.7.2/avr4\libgcc.a(_copy_data.o)
                0x00000036                __do_copy_data
 .init4         0x0000004c       0x10 c:/program files (x86)/atmel/atmel toolchain/avr8 gcc/native/3.4.2.939/avr8-gnu-toolchain/bin/../lib/gcc/avr/4.7.2/avr4\libgcc.a(_clear_bss.o)
                0x0000004c                __do_clear_bss
 *(.init4)
 *(.init5)
 *(.init5)
 *(.init6)
 .init6         0x0000005c       0x14 c:/program files (x86)/atmel/atmel toolchain/avr8 gcc/native/3.4.2.939/avr8-gnu-toolchain/bin/../lib/gcc/avr/4.7.2/avr4\libgcc.a(_ctors.o)
                0x0000005c                __do_global_ctors
 *(.init6)
 *(.init7)
 *(.init7)
 *(.init8)
 *(.init8)
 *(.init9)
 .init9         0x00000070        0x4 c:/program files (x86)/atmel/atmel toolchain/avr8 gcc/native/3.4.2.939/avr8-gnu-toolchain/bin/../lib/gcc/avr/4.7.2/../../../../avr/lib/avr4/crtm8a.o
 *(.init9)
 *(.text)
 .text          0x00000074        0x2 c:/program files (x86)/atmel/atmel toolchain/avr8 gcc/native/3.4.2.939/avr8-gnu-toolchain/bin/../lib/gcc/avr/4.7.2/../../../../avr/lib/avr4/crtm8a.o
                0x00000074                __vector_1
                0x00000074                __vector_12
                0x00000074                __bad_interrupt
                0x00000074                __vector_6
                0x00000074                __vector_11
                0x00000074                __vector_13
                0x00000074                __vector_17
                0x00000074                __vector_7
                0x00000074                __vector_5
                0x00000074                __vector_2
                0x00000074                __vector_15
                0x00000074                __vector_8
                0x00000074                __vector_10
                0x00000074                __vector_16
                0x00000074                __vector_18
                0x00000076                . = ALIGN (0x2)
 *(.text.*)
 .text._ZN6AnalogC2EPh
                0x00000076        0xe Analog.o
                0x00000076                _ZN6AnalogC2EPh
                0x00000076                _ZN6AnalogC1EPh
 .text._ZN6AnalogD2Ev
                0x00000084        0x2 Analog.o
                0x00000084                _ZN6AnalogD2Ev
                0x00000084                _ZN6AnalogD1Ev
 .text._ZN6Analog8rawValueEv
                0x00000086        0xa Analog.o
                0x00000086                _ZN6Analog8rawValueEv
 .text._ZN6Analog6UpdateEv
                0x00000090       0x44 Analog.o
                0x00000090                _ZN6Analog6UpdateEv
 .text._ZN6Analog5ValueEv
                0x000000d4        0x6 Analog.o
                0x000000d4                _ZN6Analog5ValueEv
 .text._ZN6Analog8setRangeEh
                0x000000da       0x2e Analog.o
                0x000000da                _ZN6Analog8setRangeEh
 .text._ZN6Analog11getMinRangeEv
                0x00000108        0x6 Analog.o
                0x00000108                _ZN6Analog11getMinRangeEv
 .text._ZN6Analog11getMaxRangeEv
                0x0000010e        0x6 Analog.o
                0x0000010e                _ZN6Analog11getMaxRangeEv
 .text._ZN9AnalogExpC2EPhhh
                0x00000114       0x1e AnalogExp.o
                0x00000114                _ZN9AnalogExpC2EPhhh
                0x00000114                _ZN9AnalogExpC1EPhhh
 .text._ZN9AnalogExp7calcExpEh
                0x00000132      0x11a AnalogExp.o
                0x00000132                _ZN9AnalogExp7calcExpEh
 .text._ZN9AnalogExp6UpdateEv
                0x0000024c       0x38 AnalogExp.o
                0x0000024c                _ZN9AnalogExp6UpdateEv
 .text._Z3TF3v  0x00000284        0x2 CarController.o
                0x00000284                _Z3TF3v
 .text._Z3TF1v  0x00000286       0xde CarController.o
                0x00000286                _Z3TF1v
 .text._Z41__static_initialization_and_destruction_0ii
                0x00000364      0x16e CarController.o
 .text._Z8IntToStri
                0x000004d2       0x8a CarController.o
                0x000004d2                _Z8IntToStri
 .text._Z16InitADCInterruptv
                0x0000055c        0xc CarController.o
                0x0000055c                _Z16InitADCInterruptv
 .text.__vector_14
                0x00000568       0x2e CarController.o
                0x00000568                __vector_14
 .text._Z10ADC_updatev
                0x00000596       0x1a CarController.o
                0x00000596                _Z10ADC_updatev
 .text._Z18InitTimeInterrupt0v
                0x000005b0        0xc CarController.o
                0x000005b0                _Z18InitTimeInterrupt0v
 .text.__vector_9
                0x000005bc       0x6c CarController.o
                0x000005bc                __vector_9
 .text._Z18InitTimeInterrupt2v
                0x00000628       0x12 CarController.o
                0x00000628                _Z18InitTimeInterrupt2v
 .text.__vector_4
                0x0000063a       0x50 CarController.o
                0x0000063a                __vector_4
 .text.__vector_3
                0x0000068a       0x4a CarController.o
                0x0000068a                __vector_3
 .text._Z10funcReportv
                0x000006d4       0x5a CarController.o
                0x000006d4                _Z10funcReportv
 .text._Z14Initializationv
                0x0000072e       0x3c CarController.o
                0x0000072e                _Z14Initializationv
 .text._Z9Functionsh
                0x0000076a       0xe0 CarController.o
                0x0000076a                _Z9Functionsh
 .text._Z3TF2v  0x0000084a       0x20 CarController.o
                0x0000084a                _Z3TF2v
 .text.main     0x0000086a      0x530 CarController.o
                0x0000086a                main
 .text._GLOBAL__sub_I_DlightFront
                0x00000d9a        0xc CarController.o
 .text._GLOBAL__sub_D_DlightFront
                0x00000da6        0xc CarController.o
 .text._ZN7DigitalC2EPVhh4MODE
                0x00000db2       0x58 Digital.o
                0x00000db2                _ZN7DigitalC1EPVhh4MODE
                0x00000db2                _ZN7DigitalC2EPVhh4MODE
 .text._ZN7Digital3setEv
                0x00000e0a       0x26 Digital.o
                0x00000e0a                _ZN7Digital3setEv
 .text._ZN7Digital5clearEv
                0x00000e30       0x28 Digital.o
                0x00000e30                _ZN7Digital5clearEv
 .text._ZN7Digital6toogleEv
                0x00000e58       0x54 Digital.o
                0x00000e58                _ZN7Digital6toogleEv
 .text._ZN7Digital5writeEb
                0x00000eac       0x52 Digital.o
                0x00000eac                _ZN7Digital5writeEb
 .text._ZN7Digital4readEv
                0x00000efe       0x1a Digital.o
                0x00000efe                _ZN7Digital4readEv
 .text._ZN7DigitalD2Ev
                0x00000f18        0x2 Digital.o
                0x00000f18                _ZN7DigitalD1Ev
                0x00000f18                _ZN7DigitalD2Ev
 .text._ZN17EngineControlUnitC2EP7DigitalS1_PVh
                0x00000f1a       0x1a EngineControlUnit.o
                0x00000f1a                _ZN17EngineControlUnitC1EP7DigitalS1_PVh
                0x00000f1a                _ZN17EngineControlUnitC2EP7DigitalS1_PVh
 .text._ZN17EngineControlUnitD2Ev
                0x00000f34        0x2 EngineControlUnit.o
                0x00000f34                _ZN17EngineControlUnitD1Ev
                0x00000f34                _ZN17EngineControlUnitD2Ev
 .text._ZN17EngineControlUnit12InterruptOVFEv
                0x00000f36       0x90 EngineControlUnit.o
                0x00000f36                _ZN17EngineControlUnit12InterruptOVFEv
 .text._ZN17EngineControlUnit13InterruptCOMPEv
                0x00000fc6       0x54 EngineControlUnit.o
                0x00000fc6                _ZN17EngineControlUnit13InterruptCOMPEv
 .text._ZN17EngineControlUnit12setTargetSPDEh
                0x0000101a       0x18 EngineControlUnit.o
                0x0000101a                _ZN17EngineControlUnit12setTargetSPDEh
 .text._ZN8KeyInputC2Ev
                0x00001032        0x2 KeyInput.o
                0x00001032                _ZN8KeyInputC1Ev
                0x00001032                _ZN8KeyInputC2Ev
 .text._ZN8KeyInput7pressUpEv
                0x00001034       0x1a KeyInput.o
                0x00001034                _ZN8KeyInput7pressUpEv
 .text._ZN8KeyInput9pressDownEv
                0x0000104e       0x18 KeyInput.o
                0x0000104e                _ZN8KeyInput9pressDownEv
 .text._ZN8KeyInput7releaseEv
                0x00001066       0x10 KeyInput.o
                0x00001066                _ZN8KeyInput7releaseEv
 .text._ZN3PWMC2EP7Digital
                0x00001076        0x8 PWM.o
                0x00001076                _ZN3PWMC2EP7Digital
                0x00001076                _ZN3PWMC1EP7Digital
 .text._ZN3PWMD2Ev
                0x0000107e        0x2 PWM.o
                0x0000107e                _ZN3PWMD2Ev
                0x0000107e                _ZN3PWMD1Ev
 .text._ZN3PWM6enableEv
                0x00001080        0xe PWM.o
                0x00001080                _ZN3PWM6enableEv
 .text._ZN3PWM7disableEv
                0x0000108e        0xc PWM.o
                0x0000108e                _ZN3PWM7disableEv
 .text._ZN3PWM9isEnabledEv
                0x0000109a       0x10 PWM.o
                0x0000109a                _ZN3PWM9isEnabledEv
 .text._ZN3PWM9interruptEv
                0x000010aa       0x32 PWM.o
                0x000010aa                _ZN3PWM9interruptEv
 .text._ZN3PWM6setPWMEh
                0x000010dc       0x1a PWM.o
                0x000010dc                _ZN3PWM6setPWMEh
 .text._ZN3PWM6incPWMEv
                0x000010f6        0xe PWM.o
                0x000010f6                _ZN3PWM6incPWMEv
 .text._ZN5TimerC2EPFvvE5TMODE
                0x00001104        0xa Timer.o
                0x00001104                _ZN5TimerC2EPFvvE5TMODE
                0x00001104                _ZN5TimerC1EPFvvE5TMODE
 .text._ZN5TimerC2EPFvvE
                0x0000110e        0x8 Timer.o
                0x0000110e                _ZN5TimerC1EPFvvE
                0x0000110e                _ZN5TimerC2EPFvvE
 .text._ZN5TimerD2Ev
                0x00001116        0x2 Timer.o
                0x00001116                _ZN5TimerD2Ev
                0x00001116                _ZN5TimerD1Ev
 .text._ZN5Timer7setTimeEh
                0x00001118        0x6 Timer.o
                0x00001118                _ZN5Timer7setTimeEh
 .text._ZN5Timer5timerEv
                0x0000111e       0x1e Timer.o
                0x0000111e                _ZN5Timer5timerEv
 .text._ZN5Timer6updateEv
                0x0000113c       0x24 Timer.o
                0x0000113c                _ZN5Timer6updateEv
 .text._ZN5Timer6enableEv
                0x00001160       0x14 Timer.o
                0x00001160                _ZN5Timer6enableEv
 .text._Z9UART_initm
                0x00001174       0x32 UART.o
                0x00001174                _Z9UART_initm
 .text._Z10UART_Writeh
                0x000011a6        0x8 UART.o
                0x000011a6                _Z10UART_Writeh
 .text._Z10UART_PrintPKc
                0x000011ae       0x1c UART.o
                0x000011ae                _Z10UART_PrintPKc
 .text._Z9UART_Readv
                0x000011ca        0xc UART.o
                0x000011ca                _Z9UART_Readv
 .text._Z16UART_DataIsReadyv
                0x000011d6        0xa UART.o
                0x000011d6                _Z16UART_DataIsReadyv
 .text.libgcc.div
                0x000011e0       0x28 c:/program files (x86)/atmel/atmel toolchain/avr8 gcc/native/3.4.2.939/avr8-gnu-toolchain/bin/../lib/gcc/avr/4.7.2/avr4\libgcc.a(_udivmodhi4.o)
                0x000011e0                __udivmodhi4
 .text.libgcc.div
                0x00001208       0x26 c:/program files (x86)/atmel/atmel toolchain/avr8 gcc/native/3.4.2.939/avr8-gnu-toolchain/bin/../lib/gcc/avr/4.7.2/avr4\libgcc.a(_divmodhi4.o)
                0x00001208                _div
                0x00001208                __divmodhi4
 .text.libgcc.div
                0x0000122e       0x44 c:/program files (x86)/atmel/atmel toolchain/avr8 gcc/native/3.4.2.939/avr8-gnu-toolchain/bin/../lib/gcc/avr/4.7.2/avr4\libgcc.a(_udivmodsi4.o)
                0x0000122e                __udivmodsi4
 .text.libgcc.div
                0x00001272       0x36 c:/program files (x86)/atmel/atmel toolchain/avr8 gcc/native/3.4.2.939/avr8-gnu-toolchain/bin/../lib/gcc/avr/4.7.2/avr4\libgcc.a(_divmodsi4.o)
                0x00001272                __divmodsi4
 .text.libgcc.mul
                0x000012a8       0x18 c:/program files (x86)/atmel/atmel toolchain/avr8 gcc/native/3.4.2.939/avr8-gnu-toolchain/bin/../lib/gcc/avr/4.7.2/avr4\libgcc.a(_umulhisi3.o)
                0x000012a8                __umulhisi3
 .text.libgcc.mul
                0x000012c0        0xc c:/program files (x86)/atmel/atmel toolchain/avr8 gcc/native/3.4.2.939/avr8-gnu-toolchain/bin/../lib/gcc/avr/4.7.2/avr4\libgcc.a(_usmulhisi3.o)
                0x000012c0                __usmulhisi3
                0x000012c2                __usmulhisi3_tail
 .text.libgcc.mul
                0x000012cc       0x14 c:/program files (x86)/atmel/atmel toolchain/avr8 gcc/native/3.4.2.939/avr8-gnu-toolchain/bin/../lib/gcc/avr/4.7.2/avr4\libgcc.a(_muluhisi3.o)
                0x000012cc                __muluhisi3
 .text.libgcc   0x000012e0        0xc c:/program files (x86)/atmel/atmel toolchain/avr8 gcc/native/3.4.2.939/avr8-gnu-toolchain/bin/../lib/gcc/avr/4.7.2/avr4\libgcc.a(_tablejump.o)
                0x000012e0                __tablejump2__
                0x000012e4                __tablejump__
                0x000012ec                . = ALIGN (0x2)
 *(.fini9)
 .fini9         0x000012ec        0x0 c:/program files (x86)/atmel/atmel toolchain/avr8 gcc/native/3.4.2.939/avr8-gnu-toolchain/bin/../lib/gcc/avr/4.7.2/avr4\libgcc.a(_exit.o)
                0x000012ec                _exit
                0x000012ec                exit
 *(.fini9)
 *(.fini8)
 *(.fini8)
 *(.fini7)
 *(.fini7)
 *(.fini6)
 .fini6         0x000012ec       0x14 c:/program files (x86)/atmel/atmel toolchain/avr8 gcc/native/3.4.2.939/avr8-gnu-toolchain/bin/../lib/gcc/avr/4.7.2/avr4\libgcc.a(_dtors.o)
                0x000012ec                __do_global_dtors
 *(.fini6)
 *(.fini5)
 *(.fini5)
 *(.fini4)
 *(.fini4)
 *(.fini3)
 *(.fini3)
 *(.fini2)
 *(.fini2)
 *(.fini1)
 *(.fini1)
 *(.fini0)
 .fini0         0x00001300        0x4 c:/program files (x86)/atmel/atmel toolchain/avr8 gcc/native/3.4.2.939/avr8-gnu-toolchain/bin/../lib/gcc/avr/4.7.2/avr4\libgcc.a(_exit.o)
 *(.fini0)
                0x00001304                _etext = .

.data           0x00800060       0x28 load address 0x00001304
                0x00800060                PROVIDE (__data_start, .)
 *(.data)
 .data          0x00800060        0x0 c:/program files (x86)/atmel/atmel toolchain/avr8 gcc/native/3.4.2.939/avr8-gnu-toolchain/bin/../lib/gcc/avr/4.7.2/../../../../avr/lib/avr4/crtm8a.o
 .data          0x00800060        0x0 Analog.o
 .data          0x00800060        0x0 AnalogExp.o
 .data          0x00800060        0x0 BOOL.o
 .data          0x00800060        0x0 CarController.o
 .data          0x00800060        0x0 Debug.o
 .data          0x00800060        0x0 Digital.o
 .data          0x00800060        0x0 EngineControlUnit.o
 .data          0x00800060        0x0 KeyInput.o
 .data          0x00800060        0x0 PWM.o
 .data          0x00800060        0x0 Timer.o
 .data          0x00800060        0x0 UART.o
 .data          0x00800060        0x0 c:/program files (x86)/atmel/atmel toolchain/avr8 gcc/native/3.4.2.939/avr8-gnu-toolchain/bin/../lib/gcc/avr/4.7.2/avr4\libgcc.a(_udivmodhi4.o)
 .data          0x00800060        0x0 c:/program files (x86)/atmel/atmel toolchain/avr8 gcc/native/3.4.2.939/avr8-gnu-toolchain/bin/../lib/gcc/avr/4.7.2/avr4\libgcc.a(_divmodhi4.o)
 .data          0x00800060        0x0 c:/program files (x86)/atmel/atmel toolchain/avr8 gcc/native/3.4.2.939/avr8-gnu-toolchain/bin/../lib/gcc/avr/4.7.2/avr4\libgcc.a(_udivmodsi4.o)
 .data          0x00800060        0x0 c:/program files (x86)/atmel/atmel toolchain/avr8 gcc/native/3.4.2.939/avr8-gnu-toolchain/bin/../lib/gcc/avr/4.7.2/avr4\libgcc.a(_divmodsi4.o)
 .data          0x00800060        0x0 c:/program files (x86)/atmel/atmel toolchain/avr8 gcc/native/3.4.2.939/avr8-gnu-toolchain/bin/../lib/gcc/avr/4.7.2/avr4\libgcc.a(_exit.o)
 .data          0x00800060        0x0 c:/program files (x86)/atmel/atmel toolchain/avr8 gcc/native/3.4.2.939/avr8-gnu-toolchain/bin/../lib/gcc/avr/4.7.2/avr4\libgcc.a(_copy_data.o)
 .data          0x00800060        0x0 c:/program files (x86)/atmel/atmel toolchain/avr8 gcc/native/3.4.2.939/avr8-gnu-toolchain/bin/../lib/gcc/avr/4.7.2/avr4\libgcc.a(_clear_bss.o)
 .data          0x00800060        0x0 c:/program files (x86)/atmel/atmel toolchain/avr8 gcc/native/3.4.2.939/avr8-gnu-toolchain/bin/../lib/gcc/avr/4.7.2/avr4\libgcc.a(_ctors.o)
 .data          0x00800060        0x0 c:/program files (x86)/atmel/atmel toolchain/avr8 gcc/native/3.4.2.939/avr8-gnu-toolchain/bin/../lib/gcc/avr/4.7.2/avr4\libgcc.a(_dtors.o)
 .data          0x00800060        0x0 c:/program files (x86)/atmel/atmel toolchain/avr8 gcc/native/3.4.2.939/avr8-gnu-toolchain/bin/../lib/gcc/avr/4.7.2/avr4\libgcc.a(_umulhisi3.o)
 .data          0x00800060        0x0 c:/program files (x86)/atmel/atmel toolchain/avr8 gcc/native/3.4.2.939/avr8-gnu-toolchain/bin/../lib/gcc/avr/4.7.2/avr4\libgcc.a(_usmulhisi3.o)
 .data          0x00800060        0x0 c:/program files (x86)/atmel/atmel toolchain/avr8 gcc/native/3.4.2.939/avr8-gnu-toolchain/bin/../lib/gcc/avr/4.7.2/avr4\libgcc.a(_muluhisi3.o)
 .data          0x00800060        0x0 c:/program files (x86)/atmel/atmel toolchain/avr8 gcc/native/3.4.2.939/avr8-gnu-toolchain/bin/../lib/gcc/avr/4.7.2/avr4\libgcc.a(_tablejump.o)
 *(.data*)
 .data.timer    0x00800060        0x1 CarController.o
                0x00800060                timer
 *(.rodata)
 *(.rodata*)
 .rodata.str1.1
                0x00800061       0x27 CarController.o
                                 0x29 (size before relaxing)
 *(.gnu.linkonce.d*)
                0x00800088                . = ALIGN (0x2)
                0x00800088                _edata = .
                0x00800088                PROVIDE (__data_end, .)

.bss            0x00800088       0x9f
                0x00800088                PROVIDE (__bss_start, .)
 *(.bss)
 *(.bss*)
 .bss._timer    0x00800088        0x1 CarController.o
                0x00800088                _timer
 .bss.txt       0x00800089        0xa CarController.o
                0x00800089                txt
 .bss.report1   0x00800093        0x1 CarController.o
                0x00800093                report1
 .bss.stsLamps  0x00800094        0x1 CarController.o
                0x00800094                stsLamps
 .bss.keyIgnitionMode
                0x00800095        0x2 CarController.o
                0x00800095                keyIgnitionMode
 .bss.VoltageRPT
                0x00800097        0x2 CarController.o
                0x00800097                VoltageRPT
 .bss.PanelKeyRPT
                0x00800099        0x2 CarController.o
                0x00800099                PanelKeyRPT
 .bss.keyIgnitionP2
                0x0080009b        0x1 CarController.o
                0x0080009b                keyIgnitionP2
 .bss.keyIgnitionP1
                0x0080009c        0x1 CarController.o
                0x0080009c                keyIgnitionP1
 .bss.keySwitch
                0x0080009d        0x1 CarController.o
                0x0080009d                keySwitch
 .bss.keyButton
                0x0080009e        0x4 CarController.o
                0x0080009e                keyButton
 .bss.keyMiddle
                0x008000a2        0x4 CarController.o
                0x008000a2                keyMiddle
 .bss.keyRigh   0x008000a6        0x4 CarController.o
                0x008000a6                keyRigh
 .bss.keyLeft   0x008000aa        0x4 CarController.o
                0x008000aa                keyLeft
 .bss.lamp      0x008000ae        0x4 CarController.o
                0x008000ae                lamp
 .bss.ecu       0x008000b2        0xd CarController.o
                0x008000b2                ecu
 .bss.TVblink   0x008000bf        0x1 CarController.o
                0x008000bf                TVblink
 .bss.T3        0x008000c0        0x5 CarController.o
                0x008000c0                T3
 .bss.T2        0x008000c5        0x5 CarController.o
                0x008000c5                T2
 .bss.T1        0x008000ca        0x5 CarController.o
                0x008000ca                T1
 .bss.AtripotPanel
                0x008000cf        0x5 CarController.o
                0x008000cf                AtripotPanel
 .bss.AbuttonsPanel
                0x008000d4        0x5 CarController.o
                0x008000d4                AbuttonsPanel
 .bss.Amiddle   0x008000d9        0x5 CarController.o
                0x008000d9                Amiddle
 .bss.Arigth    0x008000de        0x5 CarController.o
                0x008000de                Arigth
 .bss.Aleft     0x008000e3        0x5 CarController.o
                0x008000e3                Aleft
 .bss.Athrottle
                0x008000e8        0x7 CarController.o
                0x008000e8                Athrottle
 .bss.ArawValue
                0x008000ef        0x8 CarController.o
                0x008000ef                ArawValue
 .bss.MotorL    0x008000f7        0x8 CarController.o
                0x008000f7                MotorL
 .bss.MotorR    0x008000ff        0x8 CarController.o
                0x008000ff                MotorR
 .bss.Dbuzzer   0x00800107        0x8 CarController.o
                0x00800107                Dbuzzer
 .bss.DlightRigth
                0x0080010f        0x8 CarController.o
                0x0080010f                DlightRigth
 .bss.DlightLeft
                0x00800117        0x8 CarController.o
                0x00800117                DlightLeft
 .bss.DlightFront
                0x0080011f        0x8 CarController.o
                0x0080011f                DlightFront
 *(COMMON)
                0x00800127                PROVIDE (__bss_end, .)
                0x00001304                __data_load_start = LOADADDR (.data)
                0x0000132c                __data_load_end = (__data_load_start + SIZEOF (.data))

.noinit         0x00800127        0x0
                0x00800127                PROVIDE (__noinit_start, .)
 *(.noinit*)
                0x00800127                PROVIDE (__noinit_end, .)
                0x00800127                _end = .
                0x00800127                PROVIDE (__heap_start, .)

.eeprom         0x00810000        0x0
 *(.eeprom*)
                0x00810000                __eeprom_end = .

.fuse
 *(.fuse)
 *(.lfuse)
 *(.hfuse)
 *(.efuse)

.lock
 *(.lock*)

.signature
 *(.signature*)

.user_signatures
 *(.user_signatures*)

.stab           0x00000000      0x6cc
 *(.stab)
 .stab          0x00000000      0x6cc c:/program files (x86)/atmel/atmel toolchain/avr8 gcc/native/3.4.2.939/avr8-gnu-toolchain/bin/../lib/gcc/avr/4.7.2/../../../../avr/lib/avr4/crtm8a.o

.stabstr        0x00000000       0x97
 *(.stabstr)
 .stabstr       0x00000000       0x97 c:/program files (x86)/atmel/atmel toolchain/avr8 gcc/native/3.4.2.939/avr8-gnu-toolchain/bin/../lib/gcc/avr/4.7.2/../../../../avr/lib/avr4/crtm8a.o

.stab.excl
 *(.stab.excl)

.stab.exclstr
 *(.stab.exclstr)

.stab.index
 *(.stab.index)

.stab.indexstr
 *(.stab.indexstr)

.comment        0x00000000       0x2f
 *(.comment)
 .comment       0x00000000       0x2f Analog.o
                                 0x30 (size before relaxing)
 .comment       0x00000000       0x30 AnalogExp.o
 .comment       0x00000000       0x30 BOOL.o
 .comment       0x00000000       0x30 CarController.o
 .comment       0x00000000       0x30 Debug.o
 .comment       0x00000000       0x30 Digital.o
 .comment       0x00000000       0x30 EngineControlUnit.o
 .comment       0x00000000       0x30 KeyInput.o
 .comment       0x00000000       0x30 PWM.o
 .comment       0x00000000       0x30 Timer.o
 .comment       0x00000000       0x30 UART.o

.debug
 *(.debug)

.line
 *(.line)

.debug_srcinfo
 *(.debug_srcinfo)

.debug_sfnames
 *(.debug_sfnames)

.debug_aranges  0x00000000      0x380
 *(.debug_aranges)
 .debug_aranges
                0x00000000       0x60 Analog.o
 .debug_aranges
                0x00000060       0x30 AnalogExp.o
 .debug_aranges
                0x00000090       0x38 BOOL.o
 .debug_aranges
                0x000000c8       0xb8 CarController.o
 .debug_aranges
                0x00000180       0x20 Debug.o
 .debug_aranges
                0x000001a0       0x50 Digital.o
 .debug_aranges
                0x000001f0       0x40 EngineControlUnit.o
 .debug_aranges
                0x00000230       0x38 KeyInput.o
 .debug_aranges
                0x00000268       0x68 PWM.o
 .debug_aranges
                0x000002d0       0x68 Timer.o
 .debug_aranges
                0x00000338       0x48 UART.o

.debug_pubnames
 *(.debug_pubnames)

.debug_info     0x00000000     0x4589
 *(.debug_info)
 .debug_info    0x00000000      0x450 Analog.o
 .debug_info    0x00000450      0x43a AnalogExp.o
 .debug_info    0x0000088a      0x23d BOOL.o
 .debug_info    0x00000ac7     0x2468 CarController.o
 .debug_info    0x00002f2f       0x7b Debug.o
 .debug_info    0x00002faa      0x387 Digital.o
 .debug_info    0x00003331      0x4ec EngineControlUnit.o
 .debug_info    0x0000381d      0x1e1 KeyInput.o
 .debug_info    0x000039fe      0x583 PWM.o
 .debug_info    0x00003f81      0x491 Timer.o
 .debug_info    0x00004412      0x177 UART.o
 *(.gnu.linkonce.wi.*)

.debug_abbrev   0x00000000     0x139c
 *(.debug_abbrev)
 .debug_abbrev  0x00000000      0x1ed Analog.o
 .debug_abbrev  0x000001ed      0x1fc AnalogExp.o
 .debug_abbrev  0x000003e9      0x150 BOOL.o
 .debug_abbrev  0x00000539      0x4b2 CarController.o
 .debug_abbrev  0x000009eb       0x45 Debug.o
 .debug_abbrev  0x00000a30      0x1a6 Digital.o
 .debug_abbrev  0x00000bd6      0x1d9 EngineControlUnit.o
 .debug_abbrev  0x00000daf      0x124 KeyInput.o
 .debug_abbrev  0x00000ed3      0x223 PWM.o
 .debug_abbrev  0x000010f6      0x1b0 Timer.o
 .debug_abbrev  0x000012a6       0xf6 UART.o

.debug_line     0x00000000     0x1117
 *(.debug_line)
 .debug_line    0x00000000      0x17b Analog.o
 .debug_line    0x0000017b      0x12e AnalogExp.o
 .debug_line    0x000002a9      0x109 BOOL.o
 .debug_line    0x000003b2      0x56f CarController.o
 .debug_line    0x00000921       0x3b Debug.o
 .debug_line    0x0000095c      0x14e Digital.o
 .debug_line    0x00000aaa      0x182 EngineControlUnit.o
 .debug_line    0x00000c2c      0x121 KeyInput.o
 .debug_line    0x00000d4d      0x195 PWM.o
 .debug_line    0x00000ee2      0x193 Timer.o
 .debug_line    0x00001075       0xa2 UART.o

.debug_frame    0x00000000      0x780
 *(.debug_frame)
 .debug_frame   0x00000000       0xb4 Analog.o
 .debug_frame   0x000000b4       0xa4 AnalogExp.o
 .debug_frame   0x00000158       0x54 BOOL.o
 .debug_frame   0x000001ac      0x258 CarController.o
 .debug_frame   0x00000404       0x24 Debug.o
 .debug_frame   0x00000428       0x84 Digital.o
 .debug_frame   0x000004ac       0x7c EngineControlUnit.o
 .debug_frame   0x00000528       0x54 KeyInput.o
 .debug_frame   0x0000057c       0xd0 PWM.o
 .debug_frame   0x0000064c       0xb4 Timer.o
 .debug_frame   0x00000700       0x80 UART.o

.debug_str      0x00000000      0xcfb
 *(.debug_str)
 .debug_str     0x00000000      0x1dc Analog.o
                                0x238 (size before relaxing)
 .debug_str     0x000001dc       0x8f AnalogExp.o
                                0x28f (size before relaxing)
 .debug_str     0x0000026b       0x6b BOOL.o
                                0x14a (size before relaxing)
 .debug_str     0x000002d6      0x800 CarController.o
                                0xac7 (size before relaxing)
 .debug_str     0x00000ad6       0x2c Debug.o
                                 0xe9 (size before relaxing)
 .debug_str     0x00000b02       0x84 Digital.o
                                0x1ca (size before relaxing)
 .debug_str     0x00000b86       0x92 EngineControlUnit.o
                                0x331 (size before relaxing)
 .debug_str     0x00000c18       0x23 KeyInput.o
                                0x177 (size before relaxing)
 .debug_str     0x00000c3b       0x2d PWM.o
                                0x296 (size before relaxing)
 .debug_str     0x00000c68       0x5a Timer.o
                                0x22e (size before relaxing)
 .debug_str     0x00000cc2       0x39 UART.o
                                0x18f (size before relaxing)

.debug_loc      0x00000000     0x1362
 *(.debug_loc)
 .debug_loc     0x00000000      0x216 Analog.o
 .debug_loc     0x00000216      0x3ea AnalogExp.o
 .debug_loc     0x00000600      0x6cf CarController.o
 .debug_loc     0x00000ccf      0x230 Digital.o
 .debug_loc     0x00000eff      0x11a EngineControlUnit.o
 .debug_loc     0x00001019       0x78 KeyInput.o
 .debug_loc     0x00001091      0x18a PWM.o
 .debug_loc     0x0000121b       0xae Timer.o
 .debug_loc     0x000012c9       0x99 UART.o

.debug_macinfo
 *(.debug_macinfo)

.debug_pubtypes
 *(.debug_pubtypes)

.debug_ranges   0x00000000      0x300
 *(.debug_ranges)
 .debug_ranges  0x00000000       0x50 Analog.o
 .debug_ranges  0x00000050       0x20 AnalogExp.o
 .debug_ranges  0x00000070       0x28 BOOL.o
 .debug_ranges  0x00000098       0xd8 CarController.o
 .debug_ranges  0x00000170       0x10 Debug.o
 .debug_ranges  0x00000180       0x40 Digital.o
 .debug_ranges  0x000001c0       0x30 EngineControlUnit.o
 .debug_ranges  0x000001f0       0x28 KeyInput.o
 .debug_ranges  0x00000218       0x58 PWM.o
 .debug_ranges  0x00000270       0x58 Timer.o
 .debug_ranges  0x000002c8       0x38 UART.o

.debug_macro
 *(.debug_macro)
OUTPUT(CarController.elf elf32-avr)
LOAD linker stubs
